[le.ac.uk/index.html]
[backblue.gif]
[fade.gif]
[index.html]
[le.ac.uk/Assets-v2/dist/css/main799c.css]
[le.ac.uk/Assets/Favicons/favicon-196x196.png]
[le.ac.uk/Assets/Favicons/favicon-96x96.png]
[le.ac.uk/Assets/Favicons/favicon-32x32.png]
[le.ac.uk/Assets/Favicons/favicon-16x16.png]
[le.ac.uk/Assets/Favicons/favicon-128.png]
[le.ac.uk/study.html]
[le.ac.uk/research.html]
[le.ac.uk/enterprise.html]
[le.ac.uk/giving.html]
[le.ac.uk/about.html]
[le.ac.uk/study/undergraduates.html]
[le.ac.uk/courses5eda.html]
[le.ac.uk/study/undergraduates/accommodation.html]
[le.ac.uk/study/undergraduates/fees-funding.html]
[le.ac.uk/study/undergraduates/city-campus.html]
[le.ac.uk/open-days.html]
[le.ac.uk/study/undergraduates/careers.html]
[le.ac.uk/study/undergraduates/scholarships-bursaries-discounts.html]
[le.ac.uk/study/undergraduates/teaching-learning/study-abroad.html]
[le.ac.uk/study/international-students.html]
[le.ac.uk/study/international-students/countries.html]
[le.ac.uk/study/international-students/scholarships.html]
[le.ac.uk/study/international-students/applying-for-visa.html]
[le.ac.uk/study/international-students/travel-to-leicester-from-abroad.html]
[le.ac.uk/cite.html]
[le.ac.uk/study/postgraduates.html]
[le.ac.uk/courses1458.html]
[le.ac.uk/study/postgraduates/fees-funding.html]
[le.ac.uk/study/postgraduates/how-to-apply.html]
[le.ac.uk/study/postgraduates/accommodation.html]
[le.ac.uk/study/postgraduates/teaching-learning.html]
[le.ac.uk/study/distance-learners.html]
[le.ac.uk/study/undergraduates/city-campus/local-area.html]
[le.ac.uk/study/undergraduates/city-campus/get-together.html]
[le.ac.uk/study/undergraduates/city-campus/shopping.html]
[le.ac.uk/study/undergraduates/city-campus/sport-health.html]
[le.ac.uk/study/undergraduates/city-campus/free-things.html]
[le.ac.uk/study/undergraduates/city-campus/think.html]
[le.ac.uk/study/undergraduates/city-campus/student-best-secrets.html]
[le.ac.uk/study/undergraduates/city-campus/coming-soon.html]
[le.ac.uk/study/research-degrees.html]
[le.ac.uk/study/research-degrees/funded-opportunities.html]
[le.ac.uk/study/research-degrees/research-subjects.html]
[le.ac.uk/study/research-degrees/support.html]
[le.ac.uk/study/information-for.html]
[le.ac.uk/study/professional-learners.html]
[le.ac.uk/study/undergraduates/mature-students.html]
[le.ac.uk/study/undergraduates/parents.html]
[le.ac.uk/study/schools-and-colleges/teachers.html]
[le.ac.uk/cite/study-abroad-unit.html]
[le.ac.uk/study/student-support.html]
[le.ac.uk/study/wellbeing.html]
[le.ac.uk/study/living-at-home.html]
[le.ac.uk/research/doctoral-college.html]
[le.ac.uk/research/institutes.html]
[le.ac.uk/research/experts.html]
[le.ac.uk/about/strategy.html]
[le.ac.uk/research/space-power.html]
[le.ac.uk/research/human-health.html]
[le.ac.uk/research/sustaining-world.html]
[le.ac.uk/research/natural-heritage.html]
[le.ac.uk/research/social-justice.html]
[le.ac.uk/research/molecules.html]
[le.ac.uk/research/results.html]
[le.ac.uk/research/information/media.html]
[le.ac.uk/enterprise/expertise.html]
[le.ac.uk/enterprise/expertise/medicine-science-technology.html]
[le.ac.uk/enterprise/expertise/business-law.html]
[le.ac.uk/enterprise/expertise/culture-heritage-languages.html]
[le.ac.uk/enterprise/expertise/social-science.html]
[le.ac.uk/enterprise/expertise/spin-outs.html]
[le.ac.uk/enterprise/vision.html]
[le.ac.uk/enterprise/development.html]
[le.ac.uk/enterprise/development/technology-transfer.html]
[le.ac.uk/enterprise/development/recruit-our-students.html]
[le.ac.uk/enterprise/development/innovation-hub/support-for-smes/ktp.html]
[le.ac.uk/enterprise/development/innovation-hub.html]
[le.ac.uk/enterprise/contact.html]
[le.ac.uk/enterprise/services.html]
[le.ac.uk/enterprise/services/consultancy.html]
[le.ac.uk/enterprise/services/equipment-facilities.html]
[le.ac.uk/enterprise/services/conferences.html]
[le.ac.uk/enterprise/services/cpd.html]
[le.ac.uk/alumni/stay-connected.html]
[le.ac.uk/alumni/stay-connected/details-form.html]
[le.ac.uk/alumni/get-involved/alumni-chapters.html]
[le.ac.uk/alumni/stay-connected/reunion.html]
[le.ac.uk/alumni/stay-connected/class-notes.html]
[le.ac.uk/alumni/leicester-news.html]
[le.ac.uk/alumni/leicester-news/gryphon-magazine-archive.html]
[le.ac.uk/alumni/get-involved.html]
[le.ac.uk/alumni/get-involved/alumni-association.html]
[le.ac.uk/alumni/events.html]
[le.ac.uk/alumni/benefits.html]
[le.ac.uk/alumni/benefits/careers-advice.html]
[le.ac.uk/library/using/joining.html]
[le.ac.uk/sports/membership.html]
[le.ac.uk/alumni/benefits/contact-service.html]
[le.ac.uk/alumni/merchandise.html]
[le.ac.uk/giving/causes.html]
[le.ac.uk/giving/causes/greatest-need.html]
[le.ac.uk/giving/causes/student-support.html]
[le.ac.uk/giving/causes/research-excellence.html]
[le.ac.uk/giving/causes/attenborough-arts.html]
[le.ac.uk/giving/legacy-gifts.html]
[le.ac.uk/giving/impact-stories.html]
[le.ac.uk/giving/impact-stories/greatest-need.html]
[le.ac.uk/giving/impact-stories/student-support.html]
[le.ac.uk/giving/impact-stories/research-excellence.html]
[le.ac.uk/giving/ways-to-give.html]
[le.ac.uk/giving/ways-to-give/tax-efficient-giving.html]
[le.ac.uk/giving/contact.html]
[le.ac.uk/about/history/campus-history.html]
[le.ac.uk/centenary.html]
[le.ac.uk/about/info/facts-figures.html]
[le.ac.uk/about/info/publications.html]
[le.ac.uk/about/info/term-semester-dates.html]
[le.ac.uk/a-z/departments.html]
[le.ac.uk/about/history/attenboroughs.html]
[le.ac.uk/about/info/contact.html]
[le.ac.uk/about/who-we-are/governance.html]
[le.ac.uk/about/who-we-are/senior-management/executive-board.html]
[le.ac.uk/about/who-we-are/senior-management/senior-leadership-team.html]
[le.ac.uk/about/who-we-are/governance/council.html]
[le.ac.uk/about/who-we-are/governance/senate.html]
[le.ac.uk/about/who-we-are/governance/court.html]
[le.ac.uk/about/making-a-difference/sdgs.html]
[le.ac.uk/engagement.html]
[le.ac.uk/about/making-a-difference/equality.html]
[le.ac.uk/about/making-a-difference/equality/strategy.html]
[le.ac.uk/about/making-a-difference/equality/protected-characteristics.html]
[le.ac.uk/about/making-a-difference/equality/equality-data.html]
[le.ac.uk/about/making-a-difference/equality/standing-together.html]
[le.ac.uk/about/making-a-difference/equality/access-participation.html]
[le.ac.uk/about/who-we-are/corporate-services.html]
[le.ac.uk/a-z/complete.html]
[le.ac.uk/jobs.html]
[le.ac.uk/library.html]
[le.ac.uk/-/media/uol/images/research/institutes/RI banner.jpg]
[le.ac.uk/-/media/uol/images/homepage/carousel-rotator/Open day rotator.jpg]
[le.ac.uk/-/media/uol/images/homepage/carousel-rotator/REF21 banner.jpg]
[le.ac.uk/courses2b8f.html]
[le.ac.uk/study/biological-sciences.html]
[le.ac.uk/study/economics.html]
[le.ac.uk/study/engineering.html]
[le.ac.uk/study/law.html]
[le.ac.uk/study/physics.html]
[le.ac.uk/courses.html]
[le.ac.uk/study/order-a-prospectus.html]
[le.ac.uk/study/chat.html]
[le.ac.uk/research/stories.html]
[le.ac.uk/study/postgraduates/subject-showcases.html]
[le.ac.uk/-/media/uol/images/people/students-generic/revision-and-study/Woman working at laptop 406.jpg]
[le.ac.uk/poppy-pilgrimage.html]
[le.ac.uk/-/media/uol/images/homepage/promos/Poppy Pilgrimage 406.jpg]
[le.ac.uk/-/media/uol/images/campaigns-and-events/festival-social-science/Social science 406.jpg]
[le.ac.uk/news.html]
[le.ac.uk/news/2022/november/poppy-pilgrimage-2022.html]
[le.ac.uk/-/media/uol/images/news/2022/november/poppy-pilgrimage-770/poppy pilgrimage 770.jpg]
[le.ac.uk/news/2022/november/frazer-stark.html]
[le.ac.uk/-/media/uol/images/news/2022/november/frazer 770.jpg]
[le.ac.uk/news/2022/november/ace-funding-attenborough-arts.html]
[le.ac.uk/-/media/uol/images/news/2022/november/Mohammad Barrangi 770.jpg]
[le.ac.uk/botanic-garden/about-us/attenborough-arboretum.html]
[le.ac.uk/-/media/uol/images/news/2022/november/Congo credit Prof Simon Lewis University of Leeds 770.png]
[le.ac.uk/news/2022/november/cities-future.html]
[le.ac.uk/-/media/uol/images/news/2022/november/difficult conversations 770.jpg]
[le.ac.uk/news/2022/july/jwst-first-light.html]
[le.ac.uk/news/2022/may/ref-2021.html]
[le.ac.uk/news/2022/july/graduation.html]
[le.ac.uk/news/2022/february/dickens-code-tavistock-letter.html]
[le.ac.uk/news/2022/july/honorands2.html]
[le.ac.uk/news/2022/march/space-park-launch.html]
[le.ac.uk/news/2021/november/rutland-mosaic.html]
[le.ac.uk/news/2021/november/century-change.html]
[le.ac.uk/-/media/uol/images/about-us/attenboroughs/mosaic-grid/Attenborough arts 990.jpg]
[le.ac.uk/-/media/uol/images/about-us/attenboroughs/mosaic-grid/sir david attenborough closeup 990.jpg]
[le.ac.uk/about/history/attenboroughs/image-gallery.html]
[le.ac.uk/-/media/uol/images/about-us/attenboroughs/mosaic-grid/michael attenborough cbe sir david susan centenary square 990.jpg]
[le.ac.uk/-/media/uol/images/about-us/attenboroughs/mosaic-grid/hazel tree 990.jpg]
[le.ac.uk/about/history/attenboroughs/video-gallery.html]
[le.ac.uk/-/media/uol/images/about-us/attenboroughs/mosaic-grid/sir david lord richard attenborough arts 990.jpg]
[le.ac.uk/about/info/facts-figures/rankings.html]
[le.ac.uk/-/media/uol/images/accolades/200w/cug graphic imgdb88.jpg]
[le.ac.uk/-/media/uol/images/accolades/200w/22nd UK university THE231bb0.png]
[le.ac.uk/about/info/facts-figures/awards-accreditation.html]
[le.ac.uk/-/media/uol/images/accolades/200w/THE impact 20227e66.jpg]
[le.ac.uk/engagement/case-studies/csr/uni-of-sanctuary.html]
[le.ac.uk/-/media/uol/images/accolades/200w/uosa logo 2020 NEW92d7.png]
[le.ac.uk/study/international-students/countries/asia/china.html]
[le.ac.uk/ias/foi.html]
[le.ac.uk/ias/data-protection.html]
[le.ac.uk/policies/privacy.html]
[le.ac.uk/study/how-to-apply/ts-and-cs.html]
[le.ac.uk/_/media/uol/docs/about-us/UoL Modern Slavery Statement 202021.pdf]
[le.ac.uk/study/how-to-apply/student-protection-plan.html]
[le.ac.uk/_/media/system/apps/plugins/eventschedule/css/eventScheduleV5d41d.css]
[le.ac.uk/_/media/system/apps/plugins/eventschedule/js/eventScheduleV5mind41d.js]
[le.ac.uk/_/media/system/apps/uol_ui_min.js]
[le.ac.uk/Assets-v2/src/js/jquery.js]
[le.ac.uk/index.html]
[cdnjs.cloudflare.com/ajax/libs/cookieconsent2/1.0.10/cookieconsent.min.js]
[le.ac.uk/Assets-v2/dist/js/main.min0325.js]
[le.ac.uk/Assets-v2/dist/icons/leicester6759.eot]
[le.ac.uk/Assets-v2/dist/icons/leicesterd41d.eot]
[le.ac.uk/Assets-v2/dist/icons/leicester6759.woff]
[le.ac.uk/Assets-v2/dist/icons/leicester6759.ttf]
[le.ac.uk/Assets-v2/fonts/roboto-regular-webfont.woff2]
[le.ac.uk/Assets-v2/fonts/roboto-regular-webfont.woff]
[le.ac.uk/Assets-v2/fonts/roboto-light-webfont.woff2]
[le.ac.uk/Assets-v2/fonts/roboto-light-webfont.woff]
[le.ac.uk/Assets-v2/fonts/roboto-bold-webfont.woff2]
[le.ac.uk/Assets-v2/fonts/roboto-bold-webfont.woff]
[le.ac.uk/Assets-v2/fonts/MaisonNeue-Book.woff2]
[le.ac.uk/Assets-v2/fonts/MaisonNeue-Book.woff]
[le.ac.uk/Assets-v2/fonts/MaisonNeue-Demi.woff2]
[le.ac.uk/Assets-v2/fonts/MaisonNeue-Demi.woff]
[le.ac.uk/Assets-v2/fonts/tiempos-headline-web-regular.woff2]
[le.ac.uk/Assets-v2/fonts/tiempos-headline-web-regular.woff]
[le.ac.uk/Assets-v2/fonts/tiempos-headline-web-medium.woff2]
[le.ac.uk/Assets-v2/fonts/tiempos-headline-web-medium.woff]
[le.ac.uk/Assets-v2/images/map-dark.png]
[le.ac.uk/Assets-v2/dist/css/main799c.css]
[le.ac.uk/study/campus-and-accommodation-tours.html]
[le.ac.uk/study/welcome.html]
[le.ac.uk/study/accommodation.html]
[le.ac.uk/study/scholarships.html]
[le.ac.uk/study/fees-funding.html]
[le.ac.uk/study/how-to-apply.html]
[le.ac.uk/study/schools-and-colleges.html]
[le.ac.uk/study/change.html]
[le.ac.uk/study/gsc.html]
[le.ac.uk/study/live-line-up.html]
[le.ac.uk/study/external-examining.html]
[le.ac.uk/study/courses.html]
[le.ac.uk/study/on-demand.html]
[le.ac.uk/study/headstart.html]
[le.ac.uk/study/register.html]
[le.ac.uk/study/accounting-finance.html]
[le.ac.uk/study/actuarial-science.html]
[le.ac.uk/study/applied-linguistics.html]
[le.ac.uk/study/archaeology-ancient-history.html]
[le.ac.uk/study/business-management.html]
[le.ac.uk/study/chemistry.html]
[le.ac.uk/study/criminology.html]
[le.ac.uk/study/computer-science.html]
[le.ac.uk/study/english.html]
[le.ac.uk/study/environmental-science.html]
[le.ac.uk/study/film-studies.html]
[le.ac.uk/study/geography.html]
[le.ac.uk/study/geology.html]
[le.ac.uk/study/history.html]
[le.ac.uk/study/journalism.html]
[le.ac.uk/study/mathematics.html]
[le.ac.uk/study/media-communication.html]
[le.ac.uk/study/medicine.html]
[le.ac.uk/study/midwifery.html]
[le.ac.uk/study/modern-languages.html]
[le.ac.uk/study/natural-sciences.html]
[le.ac.uk/study/nursing.html]
[le.ac.uk/study/odp.html]
[le.ac.uk/study/physiotherapy.html]
[le.ac.uk/study/politics-international-relations.html]
[le.ac.uk/study/psychology.html]
[le.ac.uk/study/sociology.html]
[le.ac.uk/study/business.html]
[le.ac.uk/study/change-education.html]
[le.ac.uk/study/climate-change.html]
[le.ac.uk/study/healthcare.html]
[le.ac.uk/study/inequality.html]
[le.ac.uk/study/media.html]
[le.ac.uk/study/science.html]
[le.ac.uk/study/society-culture.html]
[le.ac.uk/study/technology.html]
[le.ac.uk/study/the-past.html]
[le.ac.uk/-/media/uol/images/people/students-generic/lectures-and-tutors/study hero.jpg]
[le.ac.uk/-/media/uol/images/people/students-generic/ug students in class 406.jpg]
[le.ac.uk/-/media/uol/images/people/students-generic/postgraduates in class 406.jpg]
[le.ac.uk/-/media/uol/images/people/students-generic/research degrees workspace 406.jpg]
[le.ac.uk/-/media/uol/images/people/students-generic/students talking and studying 406.jpg]
[le.ac.uk/-/media/uol/images/campaigns-and-events/unibuddy 406.jpg]
[le.ac.uk/-/media/uol/images/study/study-homepage/Leicester on demand 406.jpg]
[le.ac.uk/-/media/uol/images/people/students-generic/revision-and-study/student studying in library 406.jpg]
[le.ac.uk/-/media/uol/images/study/study-homepage/liveline up 406.jpg]
[le.ac.uk/-/media/system/apps/plugins/campaigns/change/img/change 406.jpg]
[le.ac.uk/-/media/uol/images/course-pages/quotes/pg/pg criminology quote.jpg]
[le.ac.uk/study.html]
[le.ac.uk/research/centres.html]
[le.ac.uk/research/top.html]
[le.ac.uk/research/information.html]
[le.ac.uk/research/approach.html]
[le.ac.uk/research/areas.html]
[le.ac.uk/research/gcrf.html]
[le.ac.uk/research/images-of-research.html]
[le.ac.uk/research/luminaries.html]
[le.ac.uk/research/regi.html]
[le.ac.uk/research/research-top10.html]
[le.ac.uk/research/newsletter-subscribe.html]
[le.ac.uk/_/media/system/apps/plugins/research/img/banners/banner_home.jpg]
[le.ac.uk/_/media/system/apps/plugins/research/video/banners/banner_home_video.mp4]
[le.ac.uk/-/media/uol/images/research/homepage/image 1 690.jpg]
[le.ac.uk/-/media/uol/images/research/homepage/image 3 690.jpg]
[le.ac.uk/-/media/uol/images/research/homepage/Human health 690.jpg]
[le.ac.uk/-/media/uol/images/research/homepage/Earth 690.jpg]
[le.ac.uk/-/media/uol/images/research/homepage/Space 690.jpg]
[le.ac.uk/-/media/uol/images/research/homepage/Heritage 690.jpg]
[le.ac.uk/-/media/uol/images/research/homepage/Social justice 690.jpg]
[le.ac.uk/-/media/uol/images/research/homepage/Molecules 690.jpg]
[le.ac.uk/-/media/uol/images/research/Writes 690.jpg]
[le.ac.uk/-/media/uol/images/research/Shorts 690.jpg]
[le.ac.uk/-/media/uol/images/research/Sounds 690.jpg]
[le.ac.uk/research.html]
[le.ac.uk/enterprise/stories.html]
[le.ac.uk/enterprise/apprenticeships.html]
[le.ac.uk/enterprise/midlands-innovation.html]
[le.ac.uk/-/media/uol/images/business/space-park-banner/space park banner 2.jpg]
[le.ac.uk/-/media/uol/images/graphics/illustrations/innovation hub 406.jpg]
[le.ac.uk/enterprise/development/ktp.html]
[le.ac.uk/-/media/uol/images/buildings/maurice-shock/stories 406.jpg]
[le.ac.uk/-/media/uol/images/people/cpd 2 406.jpg]
[le.ac.uk/enterprise/global-partnerships.html]
[le.ac.uk/-/media/uol/images/buildings/fielding-johnson/fielding johnson outside 406.jpg]
[le.ac.uk/enterprise.html]
[le.ac.uk/-/media/uol/images/giving/giving hero 4.jpg]
[le.ac.uk/research/stories/human-health/covid-showcase.html]
[le.ac.uk/-/media/uol/images/giving/fundraising priorities 406.jpg]
[le.ac.uk/-/media/uol/images/giving/make a gift updated 406.jpg]
[le.ac.uk/-/media/uol/images/giving/impact stories 406.jpg]
[le.ac.uk/-/media/uol/images/giving/reg fund regulator 406.jpg]
[le.ac.uk/giving.html]
[le.ac.uk/about/campus-development.html]
[le.ac.uk/about/history.html]
[le.ac.uk/about/making-a-difference.html]
[le.ac.uk/about/who-we-are.html]
[le.ac.uk/about/info.html]
[le.ac.uk/about/travel.html]
[le.ac.uk/about/jubilee.html]
[le.ac.uk/-/media/uol/images/people/students-generic/campus-general/Students on campus hero.jpg]
[le.ac.uk/-/media/uol/images/buildings/engineering-building/eng building strategy 406.jpg]
[le.ac.uk/-/media/uol/images/campaigns-and-events/centenary/so that they may have life 406.jpg]
[le.ac.uk/-/media/uol/images/people/uol-staff/scientist in lab 406.jpg]
[le.ac.uk/-/media/uol/images/buildings/percy-gee/percy gee campus dev 406.jpg]
[le.ac.uk/-/media/uol/images/homepage/promos/Rohan blog 406.jpg]
[le.ac.uk/-/media/uol/images/people/vips-and-famous-names/david-attenborough/David Attenborough 406.jpg]
[le.ac.uk/-/media/uol/images/about-us/homepage/rankings.jpg]
[le.ac.uk/-/media/uol/images/city-and-county/city/shopping/loseby lane 406.jpg]
[le.ac.uk/-/media/uol/images/objects/everyday-objects/ipad 406.jpg]
[le.ac.uk/-/media/uol/images/objects/everyday-objects/map on phone 406.jpg]
[le.ac.uk/-/media/uol/images/people/students-generic/lectures-and-tutors/presentation 406.jpg]
[le.ac.uk/about.html]
[le.ac.uk/study/undergraduates/how-to-apply.html]
[le.ac.uk/study/undergraduates/teaching-learning.html]
[le.ac.uk/study/undergraduates/why-leicester.html]
[le.ac.uk/study/undergraduates/kis.html]
[le.ac.uk/study/undergraduates/courses.html]
[le.ac.uk/study/undergraduates/leicester-to-ldn.html]
[le.ac.uk/study/undergraduates/access-all-areas.html]
[le.ac.uk/study/undergraduates/change.html]
[le.ac.uk/study/undergraduates/enquire.html]
[le.ac.uk/study/undergraduates/offer-holders.html]
[le.ac.uk/study/undergraduates/subscribe.html]
[le.ac.uk/study/undergraduates/support.html]
[le.ac.uk/-/media/uol/images/study/undergraduates/landing-page/ug rotator 1920x550px.jpg]
[le.ac.uk/-/media/uol/images/study/undergraduates/landing-page/Theme page assets - 874x4744.jpg]
[le.ac.uk/-/media/uol/images/study/undergraduates/landing-page/Theme page assets - 874x4747.jpg]
[le.ac.uk/-/media/uol/images/study/undergraduates/landing-page/Theme page assets - 874x4749.jpg]
[le.ac.uk/-/media/uol/images/study/undergraduates/landing-page/Theme page assets - 874x4746.jpg]
[le.ac.uk/-/media/uol/images/study/undergraduates/landing-page/Theme page assets - 874x4743.jpg]
[le.ac.uk/-/media/uol/images/study/undergraduates/landing-page/Theme page assets - 874x4742.jpg]
[le.ac.uk/-/media/uol/images/study/undergraduates/landing-page/Theme page assets - 874x47410.jpg]
[le.ac.uk/-/media/uol/images/study/undergraduates/landing-page/Theme page assets - 874x474.jpg]
[le.ac.uk/-/media/uol/images/study/undergraduates/landing-page/Theme page assets - 874x4748.jpg]
[le.ac.uk/-/media/uol/images/study/undergraduates/landing-page/Theme page assets - 874x47411.jpg]
[le.ac.uk/_/media/system/apps/plugins/studypages/ug-landing-page/img/landing_page_city_and_campus.png]
[le.ac.uk/-/media/uol/images/study/undergraduates/landing-page/accommodation 690.jpg]
[le.ac.uk/-/media/uol/images/study/undergraduates/landing-page/mini guide 2 690.jpg]
[le.ac.uk/-/media/uol/images/study/undergraduates/landing-page/change 690.jpg]
[le.ac.uk/-/media/uol/images/study/undergraduates/landing-page/every day open day 690.jpg]
[le.ac.uk/-/media/uol/images/study/undergraduates/landing-page/employability 690.jpg]
[le.ac.uk/-/media/uol/images/study/undergraduates/landing-page/wellbeing 690.jpg]
[le.ac.uk/-/media/uol/images/study/undergraduates/landing-page/fees 690.jpg]
[le.ac.uk/-/media/uol/images/study/undergraduates/landing-page/campus 690.jpg]
[le.ac.uk/-/media/uol/images/study/undergraduates/landing-page/families 690.jpg]
[le.ac.uk/-/media/uol/images/study/undergraduates/landing-page/mature students 690.jpg]
[le.ac.uk/study/_/media/system/apps/uol_ui_min.js]
[le.ac.uk/study/undergraduates.html]
[le.ac.uk/courses7d9f.html]
[le.ac.uk/courses4f06.html]
[le.ac.uk/coursesa30d.html]
[le.ac.uk/courses647e.html]
[le.ac.uk/courses03d2.html]
[le.ac.uk/courses/accounting-bsc/2023.html]
[le.ac.uk/courses/accounting-and-finance-bsc/2023.html]
[le.ac.uk/courses/aerospace-engineering-beng/2023.html]
[le.ac.uk/courses/aerospace-engineering-meng/2023.html]
[le.ac.uk/courses/ancient-history-ba/2023.html]
[le.ac.uk/courses/ancient-history-and-archaeology-ba/2023.html]
[le.ac.uk/courses/ancient-history-and-classical-archaeology-ba-dl/2022.html]
[le.ac.uk/courses/ancient-history-and-history-ba/2023.html]
[le.ac.uk/courses/applied-psychology-bsc/2023.html]
[le.ac.uk/courses/applied-and-environmental-geology-bsc/2023.html]
[le.ac.uk/Scripts/Presentation/Build/app.min.js]
[le.ac.uk/courses5eda.html]
[le.ac.uk/study/undergraduates/accommodation/travel.html]
[le.ac.uk/study/undergraduates/accommodation/oadby.html]
[le.ac.uk/study/undergraduates/accommodation/city-living.html]
[le.ac.uk/study/undergraduates/accommodation/room-types.html]
[le.ac.uk/study/undergraduates/accommodation/life-in-halls.html]
[le.ac.uk/study/undergraduates/accommodation/fees.html]
[le.ac.uk/study/undergraduates/accommodation/how-to-apply.html]
[le.ac.uk/study/undergraduates/accommodation/renting-privately.html]
[le.ac.uk/study/undergraduates/accommodation/return-to-accommodation.html]
[le.ac.uk/study/undergraduates/accommodation/contact.html]
[le.ac.uk/-/media/uol/images/accommodation/ug accomm hero.jpg]
[le.ac.uk/study/accommodation/search.html]
[le.ac.uk/-/media/uol/images/accommodation/the village 846.jpg]
[le.ac.uk/-/media/uol/images/accommodation/the city 846.jpg]
[le.ac.uk/about/campus-development/freemens.html]
[le.ac.uk/-/media/uol/images/buildings/freemens/aerial freemens 406.jpg]
[le.ac.uk/-/media/uol/images/accommodation/landing-page/ug/gallery/glebe 14fa9.jpg]
[le.ac.uk/-/media/uol/images/accommodation/landing-page/ug/gallery/glebe 1c203.jpg]
[le.ac.uk/-/media/uol/images/accommodation/landing-page/ug/gallery/glebe 22aa7.jpg]
[le.ac.uk/-/media/uol/images/accommodation/landing-page/ug/gallery/knighton 180cc.jpg]
[le.ac.uk/-/media/uol/images/accommodation/landing-page/ug/gallery/knighton 2373a.jpg]
[le.ac.uk/-/media/uol/images/accommodation/landing-page/ug/gallery/knighton 32c17.jpg]
[le.ac.uk/-/media/uol/images/accommodation/landing-page/ug/gallery/knighton 4d3d9.jpg]
[le.ac.uk/-/media/uol/images/accommodation/landing-page/ug/gallery/knighton kitchen 1465e.jpg]
[le.ac.uk/-/media/uol/images/accommodation/landing-page/ug/gallery/knighton kitchen 2b8fe.jpg]
[le.ac.uk/-/media/uol/images/accommodation/landing-page/ug/gallery/knighton kitchen 305cb.jpg]
[le.ac.uk/-/media/uol/images/accommodation/landing-page/ug/gallery/knighton kitchen 4b23a.jpg]
[le.ac.uk/-/media/uol/images/accommodation/landing-page/ug/gallery/studying8935.jpg]
[le.ac.uk/-/media/uol/images/accommodation/landing-page/ug/gallery/bedroom 100b8.jpg]
[le.ac.uk/-/media/uol/images/accommodation/landing-page/ug/ug life 406.jpg]
[le.ac.uk/-/media/uol/images/buildings/accommodation/Accommodation drone view 846.jpg]
[le.ac.uk/-/media/uol/images/accommodation/landing-page/ug/ug room types 406.jpg]
[le.ac.uk/-/media/uol/images/accommodation/landing-page/ug/accommodation map 406.png]
[le.ac.uk/-/media/uol/images/accommodation/Walking through JF_406.jpg]
[le.ac.uk/study/undergraduates/_/media/system/apps/uol_ui_min.js]
[le.ac.uk/study/undergraduates/accommodation.html]
[le.ac.uk/study/undergraduates/fees-funding/paying-your-fees.html]
[le.ac.uk/study/undergraduates/fees-funding/tuition-maintenance-loans.html]
[le.ac.uk/study/undergraduates/fees-funding/budget-calculator.html]
[le.ac.uk/study/undergraduates/fees-funding/budgeting.html]
[le.ac.uk/study/undergraduates/fees-funding/funding-sources.html]
[le.ac.uk/study/undergraduates/fees-funding/what-do-i-get.html]
[le.ac.uk/-/media/uol/images/study/undergraduates/finance/finance hero.jpg]
[le.ac.uk/study/undergraduates/scholarships-bursaries-discounts/citizen-of-change.html]
[le.ac.uk/-/media/uol/images/study/undergraduates/finance/coc_scholarship.jpg]
[le.ac.uk/-/media/uol/images/people/students-generic/revision-and-study/student on bed 846.jpg]
[le.ac.uk/-/media/uol/images/study/undergraduates/finance/paying_your_tuition_fees_690.jpg]
[le.ac.uk/-/media/uol/images/study/undergraduates/finance/scholarships_and_discounts_690.jpg]
[le.ac.uk/-/media/uol/images/study/undergraduates/finance/living_costs_and_budgeting_690.jpg]
[le.ac.uk/-/media/uol/images/graphics/top 5 tips 846.jpg]
[le.ac.uk/-/media/uol/images/study/undergraduates/fess-and-funding/money_matters.jpg]
[le.ac.uk/-/media/uol/images/study/undergraduates/finance/smart phone.png]
[le.ac.uk/-/media/uol/images/study/undergraduates/finance/card reader.png]
[le.ac.uk/-/media/uol/images/study/undergraduates/finance/coffee cup.png]
[le.ac.uk/study/undergraduates/fees-funding.html]
[le.ac.uk/-/media/uol/images/study/city-and-campus/city_and_campus_hero_1920.jpg]
[le.ac.uk/_/media/system/apps/plugins/studypages/cityandcampus/images/localarea.jpg]
[le.ac.uk/_/media/system/apps/plugins/studypages/cityandcampus/images/gettogether.jpg]
[le.ac.uk/_/media/system/apps/plugins/studypages/cityandcampus/images/think.jpg]
[le.ac.uk/_/media/system/apps/plugins/studypages/cityandcampus/images/sporthealth.jpg]
[le.ac.uk/_/media/system/apps/plugins/studypages/cityandcampus/images/freethings.jpg]
[le.ac.uk/_/media/system/apps/plugins/studypages/cityandcampus/images/studentsecrets.jpg]
[le.ac.uk/_/media/system/apps/plugins/studypages/cityandcampus/images/comingsoon.jpg]
[le.ac.uk/_/media/system/apps/plugins/studypages/cityandcampus/images/shopping.jpg]
[le.ac.uk/study/undergraduates/city-campus.html]
[le.ac.uk/-/media/uol/images/recruitment/open-days/Open day banner.jpg]
[le.ac.uk/-/media/uol/images/study/leicester-on-demand/applications-and-advice/advice choose course 406.jpg]
[le.ac.uk/-/media/uol/images/study/leicester-on-demand/applications-and-advice/advice fees 406.jpg]
[le.ac.uk/-/media/uol/images/study/leicester-on-demand/campus-and-accommodation/campus accommodation 406.jpg]
[le.ac.uk/open-days.html]
[le.ac.uk/study/undergraduates/careers/career-development-service.html]
[le.ac.uk/study/undergraduates/careers/the-leicester-award.html]
[le.ac.uk/study/undergraduates/careers/festival-of-careers.html]
[le.ac.uk/study/undergraduates/careers/unitemps.html]
[le.ac.uk/study/undergraduates/careers/volunteering.html]
[le.ac.uk/study/undergraduates/careers/skills.html]
[le.ac.uk/-/media/uol/images/study/undergraduates/employability/employability hero 2.jpg]
[le.ac.uk/-/media/uol/images/study/undergraduates/employability/agcas_406.png]
[le.ac.uk/-/media/uol/images/study/undergraduates/employability/TARGETjobs_red_406.jpg]
[le.ac.uk/-/media/uol/images/study/undergraduates/employability/festival_of_careers_690.jpg]
[le.ac.uk/-/media/uol/images/study/undergraduates/employability/leicester award.png]
[le.ac.uk/-/media/uol/images/study/undergraduates/employability/LEP_690.jpg]
[le.ac.uk/-/media/uol/images/study/undergraduates/employability/work_whilst_study_690.jpg]
[le.ac.uk/-/media/uol/images/study/undergraduates/employability/volunteering_690.jpg]
[le.ac.uk/study/undergraduates/careers.html]
[le.ac.uk/study/undergraduates/scholarships-bursaries-discounts/deferral-transferral.html]
[le.ac.uk/-/media/uol/images/study/undergraduates/scholarships/change hero.png]
[le.ac.uk/-/media/uol/images/study/undergraduates/scholarships/Citizens of change 100 scholarship.jpg]
[le.ac.uk/study/undergraduates/scholarships-bursaries-discounts/sanctuary-scholarships.html]
[le.ac.uk/-/media/uol/images/study/undergraduates/scholarships/Stoneygate scholarship.jpg]
[le.ac.uk/study/undergraduates/scholarships-bursaries-discounts/sports.html]
[le.ac.uk/-/media/uol/images/study/undergraduates/scholarships/Sports scholarship.jpg]
[le.ac.uk/study/undergraduates/scholarships-bursaries-discounts/care-leavers-bursary.html]
[le.ac.uk/study/undergraduates/scholarships-bursaries-discounts/gittins-family-charitable-trust-bursaries.html]
[le.ac.uk/study/undergraduates/scholarships-bursaries-discounts/mature-student.html]
[le.ac.uk/study/undergraduates/scholarships-bursaries-discounts/music.html]
[le.ac.uk/study/undergraduates/scholarships-bursaries-discounts/stoneygate.html]
[le.ac.uk/study/undergraduates/scholarships-bursaries-discounts/university-of-leicester.html]
[le.ac.uk/study/undergraduates/scholarships-bursaries-discounts/cse-merit-scholarship-ug.html]
[le.ac.uk/study/undergraduates/scholarships-bursaries-discounts/family-loyalty.html]
[le.ac.uk/study/undergraduates/scholarships-bursaries-discounts/law-international-ug-merit-scholarship.html]
[le.ac.uk/study/undergraduates/scholarships-bursaries-discounts/mcs-merit-scholarship-ug.html]
[le.ac.uk/study/undergraduates/scholarships-bursaries-discounts/afghan-sanctuary-scholarships.html]
[le.ac.uk/school-of-business/study/undergraduate/scholarships/ulsb-undergrad.html]
[le.ac.uk/study/undergraduates/scholarships-bursaries-discounts/gsc-international-merit-scholarship.html]
[le.ac.uk/-/media/uol/images/study/undergraduates/scholarships/Course scholarships.jpg]
[le.ac.uk/-/media/uol/images/study/undergraduates/scholarships/Funding sources.jpg]
[le.ac.uk/-/media/uol/images/study/undergraduates/scholarships/deferrals.jpg]
[le.ac.uk/study/undergraduates/scholarships-bursaries-discounts.html]
[le.ac.uk/study/undergraduates/teaching-learning/learning-support.html]
[le.ac.uk/study/undergraduates/teaching-learning/library.html]
[le.ac.uk/study/undergraduates/teaching-learning/uni-vs-college.html]
[le.ac.uk/study/undergraduates/teaching-learning/glossary.html]
[le.ac.uk/-/media/uol/images/campaigns-and-events/launch-yourself/study-videos/study abraod 846.jpg]
[le.ac.uk/-/media/uol/docs/policies/quality/managing he provision with others.pdf]
[le.ac.uk/study/undergraduates/teaching-learning/_/media/system/apps/uol_ui_min.js]
[le.ac.uk/study/undergraduates/teaching-learning/study-abroad.html]
[le.ac.uk/study/international-students/english-language-requirements.html]
[le.ac.uk/study/international-students/contact.html]
[le.ac.uk/study/international-students/advice.html]
[le.ac.uk/study/international-students/exchange-students.html]
[le.ac.uk/-/media/uol/images/people/students-generic/international students hero.jpg]
[le.ac.uk/-/media/uol/images/graphics/maps/World map with countries 406.jpg]
[le.ac.uk/-/media/uol/images/objects/money/bank notes 406.jpg]
[le.ac.uk/-/media/uol/images/study/international-students/international-visa-406.jpg]
[le.ac.uk/-/media/uol/images/study/international-students/international-exchange-406.jpg]
[le.ac.uk/-/media/uol/images/study/international-students/international-globalstudy-406.jpg]
[le.ac.uk/-/media/uol/images/objects/travel-and-transport/aeroplane 406.jpg]
[le.ac.uk/study/international-students.html]
[le.ac.uk/study/international-students/countries/visits.html]
[le.ac.uk/study/international-students/countries/africa.html]
[le.ac.uk/study/international-students/countries/asia.html]
[le.ac.uk/study/international-students/countries/australasia.html]
[le.ac.uk/study/international-students/countries/europe.html]
[le.ac.uk/study/international-students/countries/latin-america-caribbean.html]
[le.ac.uk/study/international-students/countries/middle-east.html]
[le.ac.uk/study/international-students/countries/north-america.html]
[le.ac.uk/study/international-students/_/media/system/apps/uol_ui_min.js]
[le.ac.uk/study/international-students/countries.html]
[le.ac.uk/study/international-students/agents.html]
[le.ac.uk/study/postgraduates/fees-funding/scholarships-discounts/cse-postgrad.html]
[le.ac.uk/study/postgraduates/fees-funding/scholarships-discounts/family-loyalty.html]
[le.ac.uk/study/postgraduates/fees-funding/scholarships-discounts/alumni.html]
[le.ac.uk/study/postgraduates/fees-funding/scholarships-discounts/afghan-warm-welcome-scholarship.html]
[le.ac.uk/study/postgraduates/fees-funding/scholarships-discounts/sanctuary-scholarships.html]
[le.ac.uk/study/postgraduates/fees-funding/scholarships-discounts/llm-scholarship.html]
[le.ac.uk/study/postgraduates/fees-funding/scholarships-discounts/law-international-pgt-merit-scholarship.html]
[le.ac.uk/study/postgraduates/fees-funding/scholarships-discounts/mcs-merit-scholarship-pg.html]
[le.ac.uk/school-of-business/study/postgraduate/ulsb-postgrad.html]
[le.ac.uk/study/postgraduates/fees-funding/scholarships-discounts/ukraine-conflict-dl-sanctuary-scholarship.html]
[le.ac.uk/study/distance-learners/fees-funding-scholarships.html]
[le.ac.uk/study/postgraduates/fees-funding/scholarships-discounts/chevening.html]
[le.ac.uk/study/postgraduates/fees-funding/scholarships-discounts/commonwealth.html]
[le.ac.uk/study/postgraduates/fees-funding/scholarships-discounts/fulbright.html]
[le.ac.uk/study/international-students/scholarships.html]
[le.ac.uk/study/postgraduates/fees-funding/scholarships-discounts/said-foundation.html]
[le.ac.uk/study/international-students/applying-for-visa.html]
[le.ac.uk/study/international-students/applying-for-visa/cas-number.html]
[le.ac.uk/-/media/uol/images/accommodation/living in halls int video 846.jpg]
[le.ac.uk/study/international-students/travel-to-leicester-from-abroad.html]
[le.ac.uk/cite/eltu.html]
[le.ac.uk/cite/sanctuary-seekers-unit.html]
[le.ac.uk/cite/ipdu.html]
[le.ac.uk/-/media/uol/images/professional-services/cite/CITE banner.jpg]
[le.ac.uk/-/media/uol/images/professional-services/cite/cite eltu 2 406.jpg]
[le.ac.uk/-/media/uol/images/professional-services/cite/study-abroad/cite study abroad unit 406.jpg]
[le.ac.uk/-/media/uol/images/professional-services/cite/cite ipdu 2 406.jpg]
[le.ac.uk/cite.html]
[le.ac.uk/study/postgraduates/events.html]
[le.ac.uk/study/postgraduates/webinars.html]
[le.ac.uk/study/postgraduates/careers.html]
[le.ac.uk/study/postgraduates/postgraduate-applicants.html]
[le.ac.uk/study/postgraduates/great-minds.html]
[le.ac.uk/study/postgraduates/open-days.html]
[le.ac.uk/study/postgraduates/courses.html]
[le.ac.uk/study/postgraduates/enquire.html]
[le.ac.uk/-/media/uol/images/study/postgraduates/landing-page/study pg banner.jpg]
[le.ac.uk/-/media/uol/images/study/postgraduates/landing-page/how to apply pg 406.jpg]
[le.ac.uk/-/media/uol/images/study/postgraduates/landing-page/fees and funding pg 846.jpg]
[le.ac.uk/-/media/uol/images/study/postgraduates/landing-page/accommodation pg 406.jpg]
[le.ac.uk/-/media/uol/images/study/postgraduates/landing-page/teaching and learning pg 406.jpg]
[le.ac.uk/-/media/uol/images/study/postgraduates/landing-page/careers and employability pg 406.jpg]
[le.ac.uk/-/media/uol/images/study/postgraduates/landing-page/support and wellbeing pg 406.jpg]
[le.ac.uk/-/media/uol/images/study/postgraduates/landing-page/city and campus pg 406.jpg]
[le.ac.uk/-/media/uol/images/study/postgraduates/landing-page/distance learning pg 406.jpg]
[le.ac.uk/-/media/uol/images/buildings/campus/campus overhead centenary square 846.jpg]
[le.ac.uk/study/postgraduates.html]
[le.ac.uk/courses828d.html]
[le.ac.uk/coursesdec2.html]
[le.ac.uk/courses603b.html]
[le.ac.uk/coursesc2bd.html]
[le.ac.uk/courses/accounting-and-finance-msc/2023.html]
[le.ac.uk/courses/actuarial-science-with-data-analytics-msc/2023.html]
[le.ac.uk/courses/advanced-computer-science-msc/2022.html]
[le.ac.uk/courses/advanced-electrical-and-electronic-engineering-msc/2023.html]
[le.ac.uk/courses/advanced-electrical-and-electronic-engineering-with-management-msc/2023.html]
[le.ac.uk/courses/advanced-mechanical-engineering-msc/2023.html]
[le.ac.uk/courses/advanced-mechanical-engineering-with-management-msc/2023.html]
[le.ac.uk/courses/advanced-software-engineering-msc/2022.html]
[le.ac.uk/courses/aerospace-engineering-msc/2023.html]
[le.ac.uk/courses1458.html]
[le.ac.uk/courses/applied-health-research-mres/2023.html]
[le.ac.uk/study/postgraduates/fees-funding/how-to-pay.html]
[le.ac.uk/study/postgraduates/fees-funding/postgraduate-loans.html]
[le.ac.uk/study/postgraduates/fees-funding/eu-guaranteed-loans.html]
[le.ac.uk/study/postgraduates/fees-funding/tuition-fees.html]
[le.ac.uk/study/postgraduates/fees-funding/funding-sources.html]
[le.ac.uk/-/media/uol/images/people/students-generic/revision-and-study/student studying library 406.jpg]
[le.ac.uk/study/postgraduates/fees-funding/scholarships-discounts.html]
[le.ac.uk/-/media/uol/images/objects/books-and-pages/scholarships text 406.jpg]
[le.ac.uk/-/media/uol/images/objects/everyday-objects/tuition fees calculator 406.jpg]
[le.ac.uk/-/media/uol/images/objects/books-and-pages/postgraduate courses browser 406.jpg]
[le.ac.uk/-/media/uol/images/graphics/flags/eu 406.jpg]
[le.ac.uk/study/postgraduates/_/media/system/apps/uol_ui_min.js]
[le.ac.uk/study/postgraduates/fees-funding.html]
[le.ac.uk/study/postgraduates/how-to-apply/applications.html]
[le.ac.uk/study/postgraduates/how-to-apply/after-applied.html]
[le.ac.uk/study/postgraduates/how-to-apply/pgce-applications.html]
[le.ac.uk/-/media/uol/images/objects/everyday-objects/hand mouse laptop 406.jpg]
[le.ac.uk/policies/admissions/after-applying/ts-and-cs.html]
[le.ac.uk/study/postgraduates/how-to-apply.html]
[le.ac.uk/policies/admissions/after-applying/compensation.html]
[le.ac.uk/study/postgraduates/accommodation/fees.html]
[le.ac.uk/study/postgraduates/accommodation/how-to-apply.html]
[le.ac.uk/study/postgraduates/accommodation/renting-privately.html]
[le.ac.uk/study/postgraduates/accommodation/life-in-halls.html]
[le.ac.uk/study/postgraduates/accommodation/city-living.html]
[le.ac.uk/study/postgraduates/accommodation/village.html]
[le.ac.uk/study/postgraduates/accommodation/travel.html]
[le.ac.uk/study/postgraduates/accommodation/room-types.html]
[le.ac.uk/study/postgraduates/accommodation/contact.html]
[le.ac.uk/-/media/uol/images/accommodation/landing-page/pg/pg hero.jpg]
[le.ac.uk/study/accommodation/search/freemens-common.html]
[le.ac.uk/study/accommodation/search078c.html]
[le.ac.uk/-/media/uol/images/accommodation/landing-page/pg/pg life 406.jpg]
[le.ac.uk/-/media/uol/images/accommodation/landing-page/pg/pg room types 406.jpg]
[le.ac.uk/study/postgraduates/accommodation/life-in-halls/social-life.html]
[le.ac.uk/-/media/uol/images/accommodation/landing-page/accolades/social life 200a14e.png]
[le.ac.uk/study/postgraduates/accommodation/life-in-halls/social-spaces.html]
[le.ac.uk/-/media/uol/images/accommodation/landing-page/accolades/pg social spaces 200e7dc.png]
[le.ac.uk/study/postgraduates/accommodation/life-in-halls/support.html]
[le.ac.uk/-/media/uol/images/accommodation/landing-page/accolades/support 20066e4.png]
[le.ac.uk/-/media/uol/images/accommodation/landing-page/accolades/pg city leic 2002684.png]
[le.ac.uk/study/postgraduates/accommodation.html]
[le.ac.uk/study/postgraduates/teaching-learning/blackboard.html]
[le.ac.uk/study/postgraduates/teaching-learning/facilities.html]
[le.ac.uk/study/postgraduates/teaching-learning/learning-support.html]
[le.ac.uk/-/media/uol/images/people/students-generic/revision-and-study/students computer 406.jpg]
[le.ac.uk/-/media/uol/images/people/students-generic/lectures-and-tutors/students seminar 406.jpg]
[le.ac.uk/-/media/uol/images/people/students-generic/student studying 406.jpg]
[le.ac.uk/study/postgraduates/teaching-learning.html]
[le.ac.uk/study/distance-learners/how-it-works.html]
[le.ac.uk/study/distance-learners/benefits-support.html]
[le.ac.uk/study/distance-learners/how-to-apply.html]
[le.ac.uk/study/distance-learners/contact.html]
[le.ac.uk/study/distance-learners/why-leicester.html]
[le.ac.uk/study/distance-learners/moocs.html]
[le.ac.uk/-/media/uol/images/people/students-generic/revision-and-study/DL banner.jpg]
[le.ac.uk/-/media/uol/images/people/students-generic/distance learning short courses 406.jpg]
[le.ac.uk/-/media/uol/images/study/distance-learning/Fees funding 406.jpg]
[le.ac.uk/-/media/uol/images/study/distance-learning/Careers employment 406.jpg]
[le.ac.uk/-/media/uol/images/homepage/promos/Woman in nature 406.jpg]
[le.ac.uk/-/media/uol/images/study/distance-learning/CPD 406.jpg]
[le.ac.uk/-/media/uol/images/study/distance-learning/Contact 406.jpg]
[le.ac.uk/study/distance-learners.html]
[le.ac.uk/-/media/uol/images/study/city-and-campus/local-area/local_area_banner.jpg]
[le.ac.uk/-/media/uol/images/study/city-and-campus/local-area/campus life 6906f00.jpg]
[le.ac.uk/-/media/uol/images/study/city-and-campus/local-area/clarendon park 6901e9e.jpg]
[le.ac.uk/-/media/uol/images/study/city-and-campus/local-area/stoneygate 6904f26.jpg]
[le.ac.uk/-/media/uol/images/study/city-and-campus/local-area/the village 690e45f.jpg]
[le.ac.uk/-/media/uol/images/study/city-and-campus/local-area/day trips 690e641.jpg]
[le.ac.uk/-/media/system/apps/plugins/studypages/cityandcampus/images/Local_area_quote.png]
[le.ac.uk/-/media/uol/images/study/city-and-campus/local-area/local_area_footer.jpg]
[le.ac.uk/study/undergraduates/city-campus/_/media/system/apps/uol_ui_min.js]
[le.ac.uk/study/undergraduates/city-campus/local-area.html]
[le.ac.uk/-/media/uol/images/study/city-and-campus/get-together/get_together_banner.jpg]
[le.ac.uk/-/media/uol/images/study/city-and-campus/get-together/activities 690c118.jpg]
[le.ac.uk/-/media/uol/images/study/city-and-campus/get-together/events 690b12c.jpg]
[le.ac.uk/-/media/uol/images/study/city-and-campus/get-together/food and drink 6906098.jpg]
[le.ac.uk/-/media/uol/images/study/city-and-campus/get-together/nightlife 69025fa.jpg]
[le.ac.uk/-/media/uol/images/study/city-and-campus/get-together/coffee shops 690eccd.jpg]
[le.ac.uk/-/media/system/apps/plugins/studypages/cityandcampus/images/get_together_quote.png]
[le.ac.uk/-/media/uol/images/study/city-and-campus/get-together/get_together_footer.jpg]
[le.ac.uk/study/undergraduates/city-campus/get-together.html]
[le.ac.uk/-/media/uol/images/study/city-and-campus/shopping/shopping_banner.jpg]
[le.ac.uk/-/media/uol/images/study/city-and-campus/shopping/set 690fd28.jpg]
[le.ac.uk/-/media/uol/images/study/city-and-campus/shopping/shakup 6905dbe.jpg]
[le.ac.uk/-/media/uol/images/study/city-and-campus/shopping/wardrobe 69060f3.jpg]
[le.ac.uk/-/media/uol/images/study/city-and-campus/shopping/highcross 690ddae.jpg]
[le.ac.uk/-/media/uol/images/study/city-and-campus/shopping/nada 690691e.jpg]
[le.ac.uk/-/media/system/apps/plugins/studypages/cityandcampus/images/shopping_quote.png]
[le.ac.uk/-/media/uol/images/study/city-and-campus/shopping_footer.jpg]
[le.ac.uk/study/undergraduates/city-campus/shopping.html]
[le.ac.uk/-/media/uol/images/study/city-and-campus/sport-and-health/sport_health_banner.jpg]
[le.ac.uk/-/media/uol/images/study/city-and-campus/sport-and-health/LCFC 6901de8.jpg]
[le.ac.uk/-/media/uol/images/study/city-and-campus/sport-and-health/leicester tigers 6908b9b.jpg]
[le.ac.uk/-/media/uol/images/study/city-and-campus/sport-and-health/leicester riders 690b813.jpg]
[le.ac.uk/-/media/uol/images/study/city-and-campus/sport-and-health/park run 6904a52.jpg]
[le.ac.uk/-/media/uol/images/study/city-and-campus/sport-and-health/santander cycles 690d1e7.jpg]
[le.ac.uk/-/media/system/apps/plugins/studypages/cityandcampus/images/sport_health_quote.png]
[le.ac.uk/-/media/uol/images/study/city-and-campus/sport-and-health/sport_health_footer.jpg]
[le.ac.uk/study/undergraduates/city-campus/sport-health.html]
[le.ac.uk/-/media/uol/images/study/city-and-campus/free-things/free_things_banner.jpg]
[le.ac.uk/-/media/uol/images/study/city-and-campus/free-things/street_art_6908b0b.jpg]
[le.ac.uk/-/media/uol/images/study/city-and-campus/free-things/new walk 690bc4d.jpg]
[le.ac.uk/-/media/uol/images/study/city-and-campus/free-things/free entertainment 69012ff.jpg]
[le.ac.uk/-/media/uol/images/study/city-and-campus/free-things/festivals 690f250.jpg]
[le.ac.uk/-/media/uol/images/study/city-and-campus/free-things/local parks 6905624.jpg]
[le.ac.uk/botanic-garden.html]
[le.ac.uk/-/media/system/apps/plugins/studypages/cityandcampus/images/free_things_quote.png]
[le.ac.uk/-/media/uol/images/study/city-and-campus/free-things/free_things_footer.jpg]
[le.ac.uk/study/undergraduates/city-campus/free-things.html]
[le.ac.uk/-/media/uol/images/study/city-and-campus/think/think_banner.jpg]
[le.ac.uk/-/media/uol/images/study/city-and-campus/think/be sustainable 690a462.jpg]
[le.ac.uk/-/media/uol/images/study/city-and-campus/think/be vocal 690c8af.jpg]
[le.ac.uk/-/media/uol/images/study/city-and-campus/think/take part 690c611.jpg]
[le.ac.uk/-/media/uol/images/study/city-and-campus/think/volunteer 6904d1a.jpg]
[le.ac.uk/-/media/system/apps/plugins/studypages/cityandcampus/images/think_quote.jpg]
[le.ac.uk/-/media/uol/images/people/vips-and-famous-names/david-attenborough/David Attenborough banner.jpg]
[le.ac.uk/study/undergraduates/city-campus/think.html]
[le.ac.uk/-/media/uol/images/study/city-and-campus/student-best-secrets/student_best_secrets_banner.jpg]
[le.ac.uk/-/media/uol/images/study/city-and-campus/student-best-secrets/brunch 6905a07.jpg]
[le.ac.uk/-/media/uol/images/study/city-and-campus/student-best-secrets/pink pigeon 69074b3.jpg]
[le.ac.uk/-/media/uol/images/study/city-and-campus/student-best-secrets/dry bar 6901f0f.jpg]
[le.ac.uk/-/media/uol/images/study/city-and-campus/student-best-secrets/firebug 690062f.jpg]
[le.ac.uk/-/media/uol/images/study/city-and-campus/student-best-secrets/arts 690079b.jpg]
[le.ac.uk/-/media/system/apps/plugins/studypages/cityandcampus/images/student_best_secrets_quote.png]
[le.ac.uk/-/media/uol/images/study/city-and-campus/student-best-secrets/student_best_secrets_footer.jpg]
[le.ac.uk/study/undergraduates/city-campus/student-best-secrets.html]
[le.ac.uk/-/media/uol/images/study/city-and-campus/coming-soon/coming_soon_banner.jpg]
[le.ac.uk/-/media/uol/images/study/city-and-campus/coming-soon/gigs 690e0b8.jpg]
[le.ac.uk/-/media/uol/images/study/city-and-campus/coming-soon/leicester comedy 69066f5.jpg]
[le.ac.uk/-/media/uol/images/study/city-and-campus/coming-soon/restaurant week 690248b.jpg]
[le.ac.uk/-/media/uol/images/study/city-and-campus/coming-soon/easy life 6908b31.jpg]
[le.ac.uk/-/media/system/apps/plugins/studypages/cityandcampus/images/coming_soon_quote.png]
[le.ac.uk/-/media/uol/images/study/city-and-campus/coming_soon_footer.jpg]
[le.ac.uk/study/undergraduates/city-campus/coming-soon.html]
[le.ac.uk/study/research-degrees/entry-reqs.html]
[le.ac.uk/study/research-degrees/other-funding.html]
[le.ac.uk/study/research-degrees/fees.html]
[le.ac.uk/study/research-degrees/student-profiles.html]
[le.ac.uk/study/research-degrees/supervision.html]
[le.ac.uk/study/research-degrees/visiting.html]
[le.ac.uk/study/research-degrees/what-they-are.html]
[le.ac.uk/study/research-degrees/ts-and-cs.html]
[le.ac.uk/study/research-degrees/wellcome-trust-dtp.html]
[le.ac.uk/study/research-degrees/healthcare-inequalities.html]
[le.ac.uk/-/media/uol/images/study/postgraduate-research/OPTION1.jpg]
[le.ac.uk/-/media/uol/images/study/postgraduate-research/future100 video 846.jpg]
[le.ac.uk/-/media/uol/images/people/lecturer and student in lab 406.jpg]
[le.ac.uk/-/media/uol/images/buildings/campus/campus from vic park 406.jpg]
[le.ac.uk/-/media/uol/images/people/female scientist on research ship 406.jpg]
[le.ac.uk/study/research-degrees/what-they-are/distance-learning.html]
[le.ac.uk/-/media/uol/images/people/students-generic/revision-and-study/distance learning student at laptop 406.jpg]
[le.ac.uk/-/media/uol/images/people/customer care 406.jpg]
[le.ac.uk/-/media/uol/images/people/female engineer setting up wind turbine 406.jpg]
[le.ac.uk/-/media/uol/images/people/students-generic/students around a table 406.jpg]
[le.ac.uk/-/media/uol/images/buildings/percy-gee/percy gee building from outside 406.jpg]
[le.ac.uk/-/media/uol/images/people/businessman talking to a colleague 406.jpg]
[le.ac.uk/news/search9573.html]
[le.ac.uk/-/media/uol/images/research/cta0113e0.jpg]
[le.ac.uk/-/media/uol/images/research/cta citizen soundscbbc.jpg]
[le.ac.uk/-/media/uol/images/research/cta citizen writes63e0.jpg]
[le.ac.uk/-/media/uol/images/research/cta citizen shortsf28b.jpg]
[le.ac.uk/-/media/uol/images/research/cta05b8147.jpg]
[le.ac.uk/study/research-degrees.html]
[le.ac.uk/study/research-degrees/funded-opportunities/centa-phd-studentships.html]
[le.ac.uk/study/research-degrees/funded-opportunities/esrc-midlands-graduate-school-dtp.html]
[le.ac.uk/study/research-degrees/funded-opportunities/m4c-collaborative-doctoral-award.html]
[le.ac.uk/study/research-degrees/funded-opportunities/m4c-open-doctoral-award.html]
[le.ac.uk/study/research-degrees/funded-opportunities/cls-hs-freeman.html]
[le.ac.uk/study/research-degrees/funded-opportunities/cls-hs-teece.html]
[le.ac.uk/study/research-degrees/funded-opportunities/criminology-pb.html]
[le.ac.uk/study/research-degrees/funded-opportunities/cse-drake.html]
[le.ac.uk/study/research-degrees/funded-opportunities/cse-ghent.html]
[le.ac.uk/study/research-degrees/funded-opportunities/engineering-ye.html]
[le.ac.uk/study/research-degrees/funded-opportunities/epsrc-engineering-jewkes.html]
[le.ac.uk/study/research-degrees/funded-opportunities/erc-history-dailey.html]
[le.ac.uk/study/research-degrees/funded-opportunities/f100-grigore.html]
[le.ac.uk/study/research-degrees/funded-opportunities/hs--armstrong-this.html]
[le.ac.uk/study/research-degrees/funded-opportunities/hs-diabetes-bhattacharjee.html]
[le.ac.uk/study/research-degrees/funded-opportunities/hs-nihr-arc-gillies-2.html]
[le.ac.uk/study/research-degrees/funded-opportunities/hs-nihr-gillies.html]
[le.ac.uk/study/research-degrees/funded-opportunities/law-gta.html]
[le.ac.uk/study/research-degrees/funded-opportunities/leicestershire-healthcare-inequalities-improvement-dtp.html]
[le.ac.uk/study/research-degrees/funded-opportunities/stanley-burton-fee-waiver.html]
[le.ac.uk/study/research-degrees/funded-opportunities/stfc.html]
[le.ac.uk/study/research-degrees/funded-opportunities/wellcome-trust.html]
[le.ac.uk/study/research-degrees/research-subjects/health-sciences.html]
[le.ac.uk/study/research-degrees/_/media/system/apps/uol_ui_min.js]
[le.ac.uk/study/research-degrees/funded-opportunities.html]
[le.ac.uk/study/research-degrees/research-subjects/biology.html]
[le.ac.uk/study/research-degrees/research-subjects/cancer-studies.html]
[le.ac.uk/study/research-degrees/research-subjects/cardiovascular-sciences.html]
[le.ac.uk/study/research-degrees/research-subjects/doctor-of-clinical-psychology.html]
[le.ac.uk/study/research-degrees/research-subjects/genetics.html]
[le.ac.uk/study/research-degrees/research-subjects/medicine-md.html]
[le.ac.uk/study/research-degrees/research-subjects/molecular-and-cell-biology.html]
[le.ac.uk/study/research-degrees/research-subjects/neuroscience-psychology-and-behaviour.html]
[le.ac.uk/study/research-degrees/research-subjects/respiratory-sciences.html]
[le.ac.uk/study/research-degrees/research-subjects/bioengineering.html]
[le.ac.uk/study/research-degrees/research-subjects/chemistry.html]
[le.ac.uk/study/research-degrees/research-subjects/computer-science.html]
[le.ac.uk/study/research-degrees/research-subjects/engineering.html]
[le.ac.uk/study/research-degrees/research-subjects/geology.html]
[le.ac.uk/study/research-degrees/research-subjects/human-and-social-geography.html]
[le.ac.uk/study/research-degrees/research-subjects/maths.html]
